'''Airlink101 AR680W'''

=== Serial Port ===

This model has an unpopulated 4-pin header that exposes a serial port. The pins are listed below:
||Pin1||Rx||
||Pin2||3.3V||
||Pin3||GND||
||Pin4||Tx||

If this doesn't work try to swap Tx and Rx.
The Serial port settings are: 
38400 8N1 
Hardware Flow Control : No    
Software Flow Control : No
The bootloader is u-boot.

boot log {{{ 



U-Boot 1.1.3 (Dec 11 2006 - 17:41:28)

U-Boot code: 40780000 -> 4079ABDC  BSS: -> 407B4000
System Memory Map:
0x00000000-0x01FFFFFF: SDRAM Bank 0
0x19C00000-0x1E7FFFFF: Memory Mapped IO Space-AHB
        0x19C00000-0x19C1FFFF: Static/SDRAM Memory Controller
        0x19C40000-0x19C5FFFF: Interrupt Controller
        0x19C60000-0x19C7FFFF: AHB Arbiter
        0x19C80000-0x19C9FFFF: MAC 0
        0x19CA0000-0x19CBFFFF: MA1 0
        0x1E700000-0x1E71FFFF: HDMA
0x1E800000-0x1EFFFFFF: Memory Mapped IO Space-APB
        0x1E800000-0x1E81FFFF: Timer 0/1/2/3
        0x1E840000-0x1E85FFFF: UART 0
        0x1E880000-0x1E89FFFF: SPI
        0x1E8A0000-0x1E8BFFFF: GPIO 0
        0x1E8C0000-0x1E8DFFFF: WDT
        0x1E8E0000-0x1E8FFFFF: SCU
        0x1E940000-0x1E95FFFF: ACI0(PL040)
        0x1E960000-0x1E97FFFF: ACI1(PL040)
0x1F000000-0x1F7FFFFF: Flash Bank 0
0x40000000-0x41FFFFFF: SDRAM Bank 1
RAM Configuration:
Bank #0: 40000000 16 MB
Board: 5VT1310-EVB-V1.4(CPU Speed 297 MHz)
       AM29LV320B = 4MB;   start at 0x1F000000;
Flash:  4 MB
In:    serial
Out:   serial
Err:   serial
Hit any key to stop autoboot:  0 
## Booting image at 1f020000 ...
   Image Name:   7zip Linux Kernel
   Image Type:   ARM Linux Kernel Image (7zip compressed)
   Data Size:    -1 Bytes = 4096 MB
   Load Address: 40008000
   Entry Point:  40008000
   Uncompressing Kernel Image ... OK

Starting kernel @40008000...

Linux version 2.6.17.6 (joanw@enzo) (gcc version 4.1.1) #1 Wed Jun 13 15:50:41 CST 2007
CPU: ARM926EJ-Sid(wb) [41069265] revision 5 (ARMv5TEJ)
Machine: 5VT13XX
Ignoring unrecognised tag 0x00000000
Memory policy: ECC disabled, Data cache writeback
CPU0: D VIVT write-back cache
CPU0: I cache: 16384 bytes, associativity 4, 32 byte lines, 128 sets
CPU0: D cache: 16384 bytes, associativity 4, 32 byte lines, 128 sets
Built 1 zonelists
Kernel command line: root=/dev/mtdblock0 ro rootfstype=squashfs cpufreq=300M mem=16M console=ttyS0,38400
PID hash table entries: 128 (order: 7, 512 bytes)
Timer1 load register: 743423(0xE0000010)
Dentry cache hash table entries: 2048 (order: 1, 8192 bytes)
Inode-cache hash table entries: 1024 (order: 0, 4096 bytes)
Memory: 16MB = 16MB total
Memory: 13808KB available (1776K code, 383K data, 80K init)
Mount-cache hash table entries: 512
CPU: Testing write buffer coherency: ok
NET: Registered protocol family 16
PCI: Scanning bus...
PCI: FV Host Bridge - header fixup
PCI: bus0: Fast back to back transfers disabled
NET: Registered protocol family 2
IP route cache hash table entries: 128 (order: -3, 512 bytes)
TCP established hash table entries: 512 (order: -1, 2048 bytes)
TCP bind hash table entries: 256 (order: -2, 1024 bytes)
TCP: Hash tables configured (established 512 bind 256)
TCP reno registered
NetWinder Floating Point Emulator V0.97 (double precision)
squashfs: version 3.0 (2006/03/15) Phillip Lougher
devfs: 2004-01-31 Richard Gooch (rgooch@atnf.csiro.au)
devfs: boot_options: 0x1
Initializing Cryptographic API
io scheduler noop registered
io scheduler deadline registered (default)
PCI: FV Host Bridge - final fixup
HDLC line discipline: version $Revision: 4.8 $, maxframe=4096
N_HDLC line discipline registered.
Serial: 8250/16550 driver $Revision: 1.90 $ 2 ports, IRQ sharing disabled
serial8250: ttyS0 at MMIO 0x1e840000 (irq = 1) is a 16550A
serial8250: ttyS1 at MMIO 0x1e860000 (irq = 2) is a 16550A
PPP generic driver version 2.4.2
PPP Deflate Compression module registered
NET: Registered protocol family 24
ELBOX physmap flash device: 400000 at 1f000000
ELBOX physically mapped flash: Found 1 x16 devices at 0x0 in 8-bit bank
 Amd/Fujitsu Extended Query Table at 0x0040
number of CFI chips: 1
cfi_cmdset_0002: Disabling erase-suspend-program due to code brokenness.
ELBOX physically mapped flash: squashfs filesystem found at offset 983040
Creating 7 MTD partitions on "ELBOX physically mapped flash":
0x000f0020-0x002a1020 : "rootfs"
0x00020000-0x003d0000 : "upgrade"
0x003d0000-0x003e0000 : "rgdb"
0x003e0000-0x003f0000 : "nvram"
0x00000000-0x00020000 : "U-Boot"
0x003f0000-0x00400000 : "Boot Config"
0x00000000-0x00400000 : "flash"
u32 classifier
ip_conntrack version 2.4 (128 buckets, 1024 max) - 248 bytes per conntrack
ip_conntrack_pptp version 3.1 loaded
ip_nat_pptp version 3.0 loaded
ip_tables: (C) 2000-2006 Netfilter Core Team
ipt_time loading
ipt_recent v0.3.1: Stephen Frost <sfrost@snowman.net>.  http://snowman.net/projects/ipt_recent/
ClusterIP Version 0.8 loaded successfully
arp_tables: (C) 2002 David S. Miller
TCP bic registered
NET: Registered protocol family 1
NET: Registered protocol family 17
VFS: Mounted root (squashfs filesystem) readonly.
Mounted devfs on /dev
Freeing init memory: 80K
init started:  BusyBox v1.00 (2007.06.13-07:50+0000) multi-call binary
Starting pid 81, console /dev/tts/0: '/etc/init.d/rcS'
[/etc/init.d/S03config.sh]
Mounting proc and var ...
Start xmldb ...
[/etc/scripts/misc/profile.sh] get ...
[/etc/scripts/misc/defnodes.sh] ...
[/etc/defnodes/S10setext.sh] ...
PHP [/etc/defnodes/S11setnodes.php] ...
PHP [/etc/defnodes/S12features.php] ...
PHP [/etc/defnodes/S13flashspeed.php] ...
[/etc/defnodes/S14wps_upnp.sh] ...
PHP [/etc/defnodes/S20setnodes.php] ...
PHP [/etc/defnodes/S40brand.php] ...
[/etc/scripts/misc/defnodes.sh] Done !!
[/etc/templates/timezone.sh] ...
[/etc/templates/logs.sh] ...
[/var/run/logs_run.sh] ...
Inserting modules ...
Using /lib/modules/fvmem.ko
fvmem: module license '5VT' taints kernel.
FVMEM version 1.00
Using /lib/modules/fvmac.ko
FVMAC version: 1.07, date: 2007/03/05 (compiled at 15:54:17, Jun 13 2007)
FVMAC 0: FVMAC core w/AMBA at 0xf0080000 IRQ 7
Randomize lower 3 bytes of the MAC address.
FVMAC 0: MAC address < 00:35:56:B4:A1:4C >
FVMAC 0: registered_netdev() as eth0.
FVMAC 1: FVMAC core w/AMBA at 0xf00a0000 IRQ 8
Randomize lower 3 bytes of the MAC address.
FVMAC 1: MAC address < 00:35:56:E6:D5:82 >
FVMAC 1: registered_netdev() as eth1.
Using /lib/modules/fv13xx_access.ko
FV13XX Access Init.
Using /lib/mNetwork interface reset count v1.0o
dules/ifresetcnt.ko
eth1: set media mode 100M/full-duplex
eth0: set media mode 10M/half-duplex
[/etc/templates/webs.sh] start ...
[/var/run/webs_start.sh] ...
Starting HTTPD ...
[/etc/init.d/S03config.sh] done!
[/etc/init.d/S10system.sh]
setup layout ...
[/etc/scripts/layout.sh] ...
[/var/run/layout_start.sh] ...
Start router layout ...
device eth1 entered promiscuous mode
start LAN ...
[/etc/templates/lan.sh] ...
br0: port 1(eth1) entering learning state
br0: topology change detected, propagating
br0: port 1(eth1) entering forwarding state
[/var/run/lan_start.sh] ...
Start LAN (br0/192.168.1.1/255.255.255.0)...
Start DHCP server (br0) ...
start fresetd ...
Factory reset time : 3 secs
System reset time  : 3 secs
WPS command : [/etc/templates/wps.sh pbc &]
enable LAN ports ...
[/etc/scripts/enlan.sh] ...
!!!!!!!!!!!!!!! TODO [/etc/scripts/enlan.sh] !!!!!!!!!!!!!!
start WLAN ...
[/etc/templates/wlan.sh] start ...
[/var/run/wlan_start.sh] ...
Start WLAN interface ra0 ...
restart WLAN driver ...
interface ra0 does not exist!
rmmod: rt2860ap: No such file or directory
Using /lib/modules/rt2860ap.ko
PCI: enabling device 0000:00:01.0 (0140 -> 0142)


=== pAd = c1c81000, size = 1085572 ===

<-- RTMPAllocAdapterBlock, Status=0
PCI: Setting latency timer of device 0000:00:01.0 to 64
RX DESC ffc1a000  size = 2048
<-- RTMPAllocDMAMemory, Status=0
1. Phy Mode = 9
2. Phy Mode = 9
Antenna RxPath = 3, TxPath = 2
3. Phy Mode = 9
==========>RTMPSetHT
MCS Set = ff ff 00 00 01
Enrollee PinCode = 1046786
Main bssid = 00:18:02:70:69:88
Enrollee PinCode = 1046786
<==== RTMPInitialize, Status=0
0x1300 = 00064320
device ra0 entered promiscuous mode
[/etc/templates/wps.sh] br0: port 2(ra0) entering learning state
enbr0: topology change detected, propagating
abr0: port 2(ra0) entering forwarding state
ble ...
Enrollee PinCode = 1046786
GenerateDHPublicKey Success dhkey_len192
start RG ...
[/etc/templates/rg.sh] start ...
[/var/run/rg_start.sh] ...
Using /lib/modules/ip_stun_func.ko
Register STUN module successes!
Using /lib/modules/sw_tcpip.ko
REDSonic turbo net initialized
sendto_unsock(/var/run/portt.unixsocket, flush)
start DNRD ...
[/etc/templates/dnrd.sh] ...
[/var/run/dnrd_start.sh] ...
Start DNRD ...
Notice: caching turned off
Start telnetd ...
start UPNPD ...
[/etc/templates/upnpd.sh] ...
[/var/run/upnpd_start.sh] ...
Starting UPnP ...
[/var/run/upnp_alive.sh] ...
start WAN ...
Set WAN port media type 0
[/etc/templates/wan.sh] start ...
[/var/run/wan_start.sh] ...
DHCP client on WAN(eth0) CloneMAC() ...
start LLD2D ...
[/etc/templates/lld2d.sh] ...
[/var/run/lld2d_start.sh] ...
Start LLD2 daemon ...
[/etc/init.d/S10systeStarting pid 708, console /dev/tts/0: '/bin/sh'


BusyBox v1.00 (2007.06.13-07:50+0000) Built-in shell (msh)
Enter 'help' for a list of built-in commands.

# 
}}}


===== U-Boot configuration =====
The U-Boot configuration, as extracted from mtdblock05:
{{{
Nybootcmd=bootm $(kernel_addr)
bootdelay=0
baudrate=38400
ethaddr=00:46:76:01:10:00
eth1addr=00:46:76:01:10:01
ipaddr=10.20.5.10
serverip=10.20.0.2
gatewayip=10.20.0.1
netmask=255.255.0.0
uboot_addr=1F000000
uboot_size=0x20000
uboot_addr_end=1F01FFFF
uboot_env_size=0x10000
uboot_env_offset=0x3F0000
kernel_addr=1F020000
kernel_size=0x10000
kernel_offset=0x20000
kernel_addr_end=1F11FFFF
rootfs_addr=1F120000
rootfs_size=0x200000
rootfs_offset=0x120000
rootfs_addr_end=1F31FFFF
config_addr=1F320000
config_size=0xd0000
config_offset=0x320000
config_addr_end=1F3EFFFF
firmware_addr=0x1F020000
firmware_addr_end=0x1F3EFFFF
partition=setenv mtd_parts 5VT13XX_mapped_flash:$(flashsize)@0x0(U-Boot)ro,$(uboot_env_size)@$(uboot_env_offset)(u-boot-env),$(kernel_size)@$(kernel_offset)(Kimage),$(rootfs_size)@$(rootfs_offset)(Rimage),$(config_size)@$(config_offset)(Cimage)
tty=ttyS0
inputfreq=300M
rootfs=squashfs
rootdev=/dev/mtdblock3 ro
zip_format=bz2
memtmp_addr=800000
mem_size=16M
rootpath=/opt/montavista/pro/devkit/arm/v4t_le/target/
upsuccess=setenv upfail 0;saveenv
nfsargs=setenv bootargs nfsroot=$(serverip):$(rootpath)
addip=setenv bootargs $(bootargs) ip=$(ipaddr):$(serverip):$(gatewayip):$(netmask):$(hostname):$(netdev):off
misca=setenv bootargs $(bootargs) root=$(rootdev)
miscb=setenv bootargs $(bootargs) cpufreq=$(inputfreq)
miscc=setenv bootargs $(bootargs) rootfstype=$(rootfs)
miscd=setenv bootargs $(bootargs) mem=$(mem_size)
misce=setenv bootargs $(bootargs) console=$(tty),$(baudrate)
miscf=setenv bootargs $(bootargs) mtdparts=$(mtd_parts)
miscg=setenv bootargs $(bootargs) $(pci_on)
misc=run misca miscb miscc miscd misce miscf miscg
nfsboot=run nfsargs addip misc;bootm $(kernel_addr)
ramboot=run partition misc;bootm $(kernel_addr) $(rootfs_addr)
romboot=run partition misc;bootm $(kernel_addr)
download=tftpboot
uimagename=u-boot.bin
erase_uimage=erase $(uboot_addr) $(uboot_addr_end)
erase_kimage=erase $(kernel_addr) $(kernel_addr_end)
erase_rimage=erase $(rootfs_addr) $(rootfs_addr_end)
erase_cimage=erase $(config_addr) $(config_addr_end)
erase_fimage=erase $(firmware_addr) $(firmware_addr_end)
uimage=$(download) $(memtmp_addr) $(uimagename);run erase_uimage;cp.b $(memtmp_addr) $(uboot_addr) $(filesize)
kimage=$(download) $(memtmp_addr) Kimage$(USER).$(zip_format);run erase_kimage;cp.b $(memtmp_addr) $(kernel_addr) $(filesize)
rimage=$(download) $(memtmp_addr) Rimage$(USER).$(rootfs);run erase_rimage;cp.b $(memtmp_addr) $(rootfs_addr) $(filesize)
cimage=$(download) $(memtmp_addr) Cimage$(USER).jffs2;run erase_cimage;cp.b $(memtmp_addr) $(config_addr) $(filesize)
fimage=$(download) $(memtmp_addr) BASS_ONE$(USER);run erase_fimage;cp.b $(memtmp_addr) $(firmware_addr) $(filesize); run upsuccess
flashsize=0x00400000
stdin=serial
stdout=serial
stderr=serial
}}}

===== /proc/interrupts: =====
{{{
           CPU0                                                                 
  1:       2820   serial                                                        
  4:      12086   5VT Timer1 Tick                                               
  7:          5   eth0                                                          
  8:        104   eth1                                                          
 18:       4801   ra0                                                           
Err:          0                                                                 
}}}

===== /proc/cpuinfo: =====
{{{
Processor       : ARM926EJ-Sid(wb) rev 5 (v5l)                                  
BogoMIPS        : 285.90                                                        
Features        : swp half fastmult edsp java                                   
CPU implementer : 0x41                                                          
CPU architecture: 5TEJ                                                          
CPU variant     : 0x0                                                           
CPU part        : 0x926                                                         
CPU revision    : 5                                                             
Cache type      : write-back                                                    
Cache clean     : cp15 c7 ops                                                   
Cache lockdown  : format C                                                      
Cache format    : Harvard                                                       
I size          : 16384                                                         
I assoc         : 4                                                             
I line length   : 32                                                            
I sets          : 128                                                           
D size          : 16384                                                         
D assoc         : 4                                                             
D line length   : 32                                                            
D sets          : 128                                                           
                                                                                
Hardware        : 5VT13XX                                                       
Revision        : 0000                                                          
Serial          : 0000000000000000   
}}}

===== /proc/mtd: =====
{{{
dev:    size   erasesize  name                                                  
mtd0: 001b1000 00010000 "rootfs"                                                
mtd1: 003b0000 00010000 "upgrade"                                               
mtd2: 00010000 00010000 "rgdb"                                                  
mtd3: 00010000 00010000 "nvram"                                                 
mtd4: 00020000 00010000 "U-Boot"                                                
mtd5: 00010000 00010000 "Boot Config"                                           
mtd6: 00400000 00010000 "flash"                                                 
}}}



=== Interepreted Code execution ===
Like many Marvell CPUs, it has the ability to execute Java (bytecode) on the fly. Whether this is of any relevance remains to be seen.

=== RGDB ===
The system is driven by an XML database called rgdb. It had a builtin PHP parser for most of the configuration files. The dump of the XML database is http://xbmodder.us/tmp_dump.txt .
The name of the XML engine is xmldbc. It possibly uses the Java bytecode execution features of the processor, though more research has to be done on this. 

----

CategoryModel
