= Linksys WRT160N / BootMessages =

[http://wiki.openwrt.org/OpenWrtDocs/Hardware/Linksys/WRT160N Return to WRT160N]

This is what shows on the serial console when booting the DD-WRT v24 firmware
{{{CPU revision is: 00029006
Linux version 2.4.36 (root@dd-wrt) (gcc version 3.4.6 (OpenWrt-2.0)) #308 Sun Jul 27 16:11:05 CEST 2008
Setting the PFC to its default value
Determined physical RAM map:
 memory: 01000000 @ 00000000 (usable)
On node 0 totalpages: 4096
zone(0): 4096 pages.
zone(1): 0 pages.
zone(2): 0 pages.
Kernel command line: root=/dev/mtdblock2 rootfstype=squashfs,jffs2 noinitrd console=ttyS0,115200
CPU: BCM4704 rev 9 at 264 MHz
Using 132.000 MHz high precision timer.
Calibrating delay loop... 263.78 BogoMIPS
Dentry cache hash table entries: 2048 (order: 2, 16384 bytes)
Inode cache hash table entries: 1024 (order: 1, 8192 bytes)
Mount cache hash table entries: 512 (order: 0, 4096 bytes)
Buffer cache hash table entries: 1024 (order: 0, 4096 bytes)
Page-cache hash table entries: 4096 (order: 2, 16384 bytes)
Checking for 'wait' instruction...  unavailable.
POSIX conformance testing by UNIFIX
PCI: Initializing host
PCI: Enabling CardBus
PCI: Fixing up bus 0
PCI: Fixing up bridge
PCI: Setting latency timer of device 01:00.0 to 64
PCI: Fixing up bus 1
Initializing RT netlink socket
Starting kswapd
devfs: v1.12c (20020818) Richard Gooch (rgooch@atnf.csiro.au)
devfs: boot_options: 0x1
squashfs: version 3.0 (2006/03/15) Phillip Lougher
pty: 256 Unix98 ptys configured
Serial driver version 5.05c (2001-07-08) with MANY_PORTS SHARE_IRQ SERIAL_PCI enabled
ttyS00 at 0xb8000300 (irq = 3) is a 16550A
ttyS01 at 0xb8000400 (irq = 3) is a 16550A
PCI: Setting latency timer of device 00:01.0 to 64
PCI: Setting latency timer of device 00:02.0 to 64
PCI: Setting latency timer of device 01:01.0 to 64
PCI: Enabling device 01:01.0 (0004 -> 0006)
Overriding boardvendor: 0x14e4 instead of 0x14e4
Overriding boardtype: 0x46d instead of 0x4321
Universal TUN/TAP device driver 1.5 (C)1999-2002 Maxim Krasnyansky
Physically mapped flash: Found an alias at 0x400000 for the chip at 0x0
Physically mapped flash: Found an alias at 0x800000 for the chip at 0x0
Physically mapped flash: Found an alias at 0xc00000 for the chip at 0x0
Physically mapped flash: Found an alias at 0x1000000 for the chip at 0x0
Physically mapped flash: Found an alias at 0x1400000 for the chip at 0x0
Physically mapped flash: Found an alias at 0x1800000 for the chip at 0x0
Physically mapped flash: Found an alias at 0x1c00000 for the chip at 0x0
 Amd/Fujitsu Extended Query Table v1.1 at 0x0040
number of CFI chips: 1
cfi_cmdset_0002: Disabling fast programming due to code brokenness.
Flash device: 0x400000 at 0x1c000000
bootloader size: 262144
Physically mapped flash: Filesystem type: squashfs, size=0x1e36b7
partition size = 2024468
Creating 5 MTD partitions on "Physically mapped flash":
0x00000000-0x00040000 : "cfe"
0x00040000-0x003f0000 : "linux"
0x00121bec-0x00310000 : "rootfs"
mtd: partition "rootfs" doesn't start on an erase block boundary -- force read-only
0x003f0000-0x00400000 : "nvram"
0x00310000-0x003f0000 : "ddwrt"
sflash not supported on this router
Initializing Cryptographic API
IP Protocols: ICMP, UDP, TCP, IGMP
IP: routing cache hash table of 512 buckets, 4Kbytes
TCP: Hash tables configured (established 1024 bind 2048)
ip_conntrack version 2.1 (512 buckets, 4096 max) - 336 bytes per conntrack
ip_tables: (C) 2000-2002 Netfilter core team
ipt_random match loaded
netfilter PSD loaded - (c) astaro AG
ipt_osf: Startng OS fingerprint matching module.
ipt_IPV4OPTSSTRIP loaded
NET4: Unix domain sockets 1.0/SMP for Linux NET4.0.
802.1Q VLAN Support v1.8 Ben Greear <greearb@candelatech.com>
All bugs added by David S. Miller <davem@redhat.com>
VFS: Mounted root (squashfs filesystem) readonly.
Mounted devfs on /dev
device eth0 entered promiscuous mode
device eth2 entered promiscuous mode
device eth1 entered promiscuous mode
device eth1 left promiscuous mode}}}

[http://wiki.openwrt.org/OpenWrtDocs/Hardware/Linksys/WRT160N Return to WRT160N]
