   1.
      (psbl) boot
   2.
      Env: BOOTCFG is read-only.
   3.
       
   4.
      Booting...
   5.
      Linux version 2.6.26.3 (xinzhen@avxhome) (gcc version 4.1.2) #1 Mon Sep 1 17:46:27 CST 2008
   6.
      console [early0] enabled
   7.
      CPU revision is: 00018448 (MIPS 4KEc)
   8.
      TI AR7 (Unknown), ID: 0xffff, Revision: 0x00
   9.
      Determined physical RAM map:
  10.
       memory: 01000000 @ 14000000 (usable)
  11.
      Initrd not found or empty - disabling initrd
  12.
      Zone PFN ranges:
  13.
        Normal      81920 ->    86016
  14.
      Movable zone start PFN for each node
  15.
      early_node_map[1] active PFN ranges
  16.
          0:    81920 ->    86016
  17.
      Built 1 zonelists in Zone order, mobility grouping off.  Total pages: 4064
  18.
      Kernel command line: init=/etc/preinit rootfstype=squashfs,jffs2, console=ttyS0,115200n8
  19.
      Primary instruction cache 16kB, VIPT, 4-way, linesize 16 bytes.
  20.
      Primary data cache 16kB, 4-way, VIPT, no aliases, linesize 16 bytes
  21.
      PID hash table entries: 64 (order: 6, 256 bytes)
  22.
      Dentry cache hash table entries: 2048 (order: 1, 8192 bytes)
  23.
      Inode-cache hash table entries: 1024 (order: 0, 4096 bytes)
  24.
      Memory: 12560k/16384k available (1982k kernel code, 3824k reserved, 432k data, 128k init, 0k highmem)
  25.
      SLUB: Genslabs=6, HWalign=32, Order=0-3, MinObjects=0, CPUs=1, Nodes=1
  26.
      Mount-cache hash table entries: 512
  27.
      net_namespace: 484 bytes
  28.
      NET: Registered protocol family 16
  29.
      NET: Registered protocol family 2
  30.
      IP route cache hash table entries: 1024 (order: 0, 4096 bytes)
  31.
      TCP established hash table entries: 512 (order: 0, 4096 bytes)
  32.
      TCP bind hash table entries: 512 (order: -1, 2048 bytes)
  33.
      TCP: Hash tables configured (established 512 bind 512)
  34.
      TCP reno registered
  35.
      NET: Registered protocol family 1
  36.
      squashfs: version 3.0 (2006/03/15) Phillip Lougher
  37.
      Registering mini_fo version $Id$
  38.
      JFFS2 version 2.2. (NAND) (SUMMARY)  æ¼ 2001-2006 Red Hat, Inc.
  39.
      msgmni has been set to 24
  40.
      io scheduler noop registered
  41.
      io scheduler deadline registered (default)
  42.
      Serial: 8250/16550 driver $Revision: 1.90 $ 2 ports, IRQ sharing disabled
  43.
      serial8250: ttyS0 at MMIO 0x8610e00 (irq = 15) is a TI-AR7
  44.
      console handover: boot [early0] -> real [ttyS0]
  45.
      serial8250: ttyS1 at MMIO 0x8610f00 (irq = 16) is a TI-AR7
  46.
      Fixed MDIO Bus: probed
  47.
      cpmac-mii: probed
  48.
      cpmac cpmac.1: no PHY present
  49.
      cpmac: device eth0 (regs: 08610000, irq: 27, phy: , mac: 00:13:10:a3:54:11)
  50.
      physmap platform flash device: 00800000 at 10000000
  51.
      physmap-flash.0: Found 1 x16 devices at 0x0 in 16-bit bank
  52.
       Amd/Fujitsu Extended Query Table at 0x0040
  53.
      number of CFI chips: 1
  54.
      cfi_cmdset_0002: Disabling erase-suspend-program due to code brokenness.
  55.
      cmdlinepart partition parsing not available
  56.
      RedBoot partition parsing not available
  57.
      4 ar7part partitions found on MTD device physmap-flash.0
  58.
      Creating 4 MTD partitions on "physmap-flash.0":
  59.
      0x00000000-0x00010000 : "loader"
  60.
      0x00010000-0x00020000 : "config"
  61.
      0x00030000-0x00800000 : "linux"
  62.
      0x000f73bd-0x00800000 : "rootfs"
  63.
      mtd: partition "rootfs" doesn't start on an erase block boundary -- force read-only
  64.
      mtd: partition "rootfs" set to be root filesystem
  65.
      mtd: partition "rootfs_data" created automatically, ofs=1D0000, len=630000 
  66.
      0x001d0000-0x00800000 : "rootfs_data"
  67.
      ar7_wdt: timer margin 59 seconds (prescale 65535, change 57180, freq 62500000)
  68.
      Registered led device: status
  69.
      vlynq0: regs 0x08611800, irq 29, mem 0x04000000
  70.
      vlynq1: regs 0x08611c00, irq 33, mem 0x0c000000 
