   1.
      Basic POST completed... Success.
   2.
      Last reset cause: Software reset (memory controller also reset)
   3.
       
   4.
      PSPBoot1.3 rev: 1.3.3.11 ODM rev:1.5
   5.
      (c) Copyright 2002-2005 Texas Instruments, Inc. All Rights Reserved.
   6.
       
   7.
      Press ESC for monitor... 1
   8.
       
   9.
      (psbl)
  10.
       
  11.
      Booting...
  12.
      Linux version 2.6.26.5 (xinzhen@avxhome) (gcc version 4.1.2) #4 Fri Oct 17 16:05:19 CST 2008
  13.
      console [early0] enabled
  14.
      CPU revision is: 00018448 (MIPS 4KEc)
  15.
      TI AR7 (TNETV1050), ID: 0x0007, Revision: 0x02
  16.
      Determined physical RAM map:
  17.
      memory: 01000000 @ 14000000 (usable)
  18.
      Initrd not found or empty - disabling initrd
  19.
      Zone PFN ranges:
  20.
      Normal 81920 -> 86016
  21.
      Movable zone start PFN for each node
  22.
      early_node_map[1] active PFN ranges
  23.
      0: 81920 -> 86016
  24.
      Built 1 zonelists in Zone order, mobility grouping off. Total pages: 4064
  25.
      Kernel command line: init=/etc/preinit rootfstype=squashfs,jffs2, console=ttyS0,115200n8
  26.
      Primary instruction cache 16kB, VIPT, 4-way, linesize 16 bytes.
  27.
      Primary data cache 16kB, 4-way, VIPT, no aliases, linesize 16 bytes
  28.
      PID hash table entries: 64 (order: 6, 256 bytes)
  29.
      Dentry cache hash table entries: 2048 (order: 1, 8192 bytes)
  30.
      Inode-cache hash table entries: 1024 (order: 0, 4096 bytes)
  31.
      Memory: 12660k/16384k available (1918k kernel code, 3724k reserved, 408k data, 120k init, 0k highmem)
  32.
      SLUB: Genslabs=6, HWalign=32, Order=0-3, MinObjects=0, CPUs=1, Nodes=1
  33.
      Mount-cache hash table entries: 512
  34.
      net_namespace: 484 bytes
  35.
      NET: Registered protocol family 16
  36.
      NET: Registered protocol family 2
  37.
      IP route cache hash table entries: 1024 (order: 0, 4096 bytes)
  38.
      TCP established hash table entries: 512 (order: 0, 4096 bytes)
  39.
      TCP bind hash table entries: 512 (order: -1, 2048 bytes)
  40.
      TCP: Hash tables configured (established 512 bind 512)
  41.
      TCP reno registered
  42.
      NET: Registered protocol family 1
  43.
      squashfs: version 3.0 (2006/03/15) Phillip Lougher
  44.
      Registering mini_fo version $Id$
  45.
      JFFS2 version 2.2. (NAND) (SUMMARY) æ¼ 2001-2006 Red Hat, Inc.
  46.
      msgmni has been set to 24
  47.
      io scheduler noop registered
  48.
      io scheduler deadline registered (default)
  49.
      Serial: 8250/16550 driver $Revision: 1.90 $ 2 ports, IRQ sharing disabled
  50.
      serial8250: ttyS0 at MMIO 0x8610e00 (irq = 15) is a TI-AR7
  51.
      console handover: boot [early0] -> real [ttyS0]
  52.
      serial8250: ttyS1 at MMIO 0x8610f00 (irq = 16) is a TI-AR7
  53.
      Fixed MDIO Bus: probed
  54.
      cpmac-mii: probed
  55.
      cpmac cpmac.1: no PHY present
  56.
      cpmac: device eth0 (regs: 08610000, irq: 27, phy: , mac: 00:13:10:a3:54:11)
  57.
      physmap platform flash device: 00800000 at 10000000
  58.
      physmap-flash.0: Found 1 x16 devices at 0x0 in 16-bit bank
  59.
      Amd/Fujitsu Extended Query Table at 0x0040
  60.
      number of CFI chips: 1
  61.
      cfi_cmdset_0002: Disabling erase-suspend-program due to code brokenness.
  62.
      cmdlinepart partition parsing not available
  63.
      RedBoot partition parsing not available
  64.
      4 ar7part partitions found on MTD device physmap-flash.0
  65.
      Creating 4 MTD partitions on "physmap-flash.0":
  66.
      0x00000000-0x00010000 : "loader"
  67.
      0x00010000-0x00020000 : "config"
  68.
      0x00030000-0x00800000 : "linux"
  69.
      0x000f07e9-0x00800000 : "rootfs"
  70.
      mtd: partition "rootfs" doesn't start on an erase block boundary -- force read-only
  71.
      mtd: partition "rootfs" set to be root filesystem
  72.
      mtd: partition "rootfs_data" created automatically, ofs=1C0000, len=640000
  73.
      0x001c0000-0x00800000 : "rootfs_data"
  74.
      ar7_wdt: timer margin 59 seconds (prescale 65535, change 57180, freq 62500000)
  75.
      Registered led device: status
  76.
      TCP vegas registered
  77.
      NET: Registered protocol family 17
  78.
      802.1Q VLAN Support v1.8 Ben Greear <greearb@candelatech.com>
  79.
      All bugs added by David S. Miller <davem@redhat.com>
  80.
      VFS: Mounted root (squashfs filesystem) readonly.
  81.
      Freeing unused kernel memory: 120k freed
  82.
      Please be patient, while OpenWrt loads ...
  83.
      Algorithmics/MIPS FPU Emulator v1.5
  84.
      - preinit -
  85.
      Press CTRL-C for failsafe
  86.
      jffs2 not ready yet; using ramdisk
  87.
      mini_fo: using base directory: /
  88.
      mini_fo: using storage directory: /tmp/root
  89.
      - init -
  90.
       
  91.
      Please press Enter to activate this console. br-lan: Dropping NETIF_F_UFO since no NETIF_F_HW_CSUM feature.
  92.
      device eth0 entered promiscuous mode
  93.
      br-lan: port 1(eth0) entering learning state
  94.
      br-lan: topology change detected, propagating
  95.
      br-lan: port 1(eth0) entering forwarding state
  96.
      PPP generic driver version 2.4.2
  97.
      PHY: 0:1f - Link is Down
  98.
      jffs2_scan_eraseblock(): End of filesystem marker found at 0x0
  99.
      jffs2_build_filesystem(): unlocking the mtd device... done.
 100.
      jffs2_build_filesystem(): erasing all blocks after the end marker... done.
 101.
      mini_fo: using base directory: /
 102.
      mini_fo: using storage directory: /jffs
 103.
       
 104.
       
 105.
       
 106.
      BusyBox v1.11.1 (2008-09-01 17:35:37 CST) built-in shell (ash)
 107.
      Enter 'help' for a list of built-in commands.
 108.
       
 109.
      _______ ________ __
 110.
      | |.-----.-----.-----.| | | |.----.| |_
 111.
      | - || _ | -__| || | | || _|| _|
 112.
      |_______|| __|_____|__|__||________||__| |____|
 113.
      |__| W I R E L E S S F R E E D O M
 114.
      KAMIKAZE (bleeding edge, r12486) -------------------
 115.
      * 10 oz Vodka Shake well with ice and strain
 116.
      * 10 oz Triple sec mixture into 10 shot glasses.
 117.
      * 10 oz lime juice Salute!
 118.
      ---------------------------------------------------
 119.
      root@OpenWrt:/# 
