Basic POST completed...     Success.
Last reset cause: Software reset (memory controller also reset)

PSPBoot1.3 rev: 1.3.3.11  ODM rev:1.5
(c) Copyright 2002-2005 Texas Instruments, Inc. All Rights Reserved.

Press ESC for monitor... 1

(psbl) 

Booting...
Linux version 2.6.26.5 (xinzhen@avxhome) (gcc version 4.1.2) #4 Fri Oct 17 16:05:19 CST 2008
console [early0] enabled
CPU revision is: 00018448 (MIPS 4KEc)
TI AR7 (TNETV1050), ID: 0x0007, Revision: 0x02
Determined physical RAM map:
 memory: 01000000 @ 14000000 (usable)
Initrd not found or empty - disabling initrd
Zone PFN ranges:
  Normal      81920 ->    86016
Movable zone start PFN for each node
early_node_map[1] active PFN ranges
    0:    81920 ->    86016
Built 1 zonelists in Zone order, mobility grouping off.  Total pages: 4064
Kernel command line: init=/etc/preinit rootfstype=squashfs,jffs2, console=ttyS0,115200n8
Primary instruction cache 16kB, VIPT, 4-way, linesize 16 bytes.
Primary data cache 16kB, 4-way, VIPT, no aliases, linesize 16 bytes
PID hash table entries: 64 (order: 6, 256 bytes)
Dentry cache hash table entries: 2048 (order: 1, 8192 bytes)
Inode-cache hash table entries: 1024 (order: 0, 4096 bytes)
Memory: 12660k/16384k available (1918k kernel code, 3724k reserved, 408k data, 120k init, 0k highmem)
SLUB: Genslabs=6, HWalign=32, Order=0-3, MinObjects=0, CPUs=1, Nodes=1
Mount-cache hash table entries: 512
net_namespace: 484 bytes
NET: Registered protocol family 16
NET: Registered protocol family 2
IP route cache hash table entries: 1024 (order: 0, 4096 bytes)
TCP established hash table entries: 512 (order: 0, 4096 bytes)
TCP bind hash table entries: 512 (order: -1, 2048 bytes)
TCP: Hash tables configured (established 512 bind 512)
TCP reno registered
NET: Registered protocol family 1
squashfs: version 3.0 (2006/03/15) Phillip Lougher
Registering mini_fo version $Id$
JFFS2 version 2.2. (NAND) (SUMMARY)  æ¼ 2001-2006 Red Hat, Inc.
msgmni has been set to 24
io scheduler noop registered
io scheduler deadline registered (default)
Serial: 8250/16550 driver $Revision: 1.90 $ 2 ports, IRQ sharing disabled
serial8250: ttyS0 at MMIO 0x8610e00 (irq = 15) is a TI-AR7
console handover: boot [early0] -> real [ttyS0]
serial8250: ttyS1 at MMIO 0x8610f00 (irq = 16) is a TI-AR7
Fixed MDIO Bus: probed
cpmac-mii: probed
cpmac cpmac.1: no PHY present
cpmac: device eth0 (regs: 08610000, irq: 27, phy: , mac: 00:13:10:a3:54:11)
physmap platform flash device: 00800000 at 10000000
physmap-flash.0: Found 1 x16 devices at 0x0 in 16-bit bank
 Amd/Fujitsu Extended Query Table at 0x0040
number of CFI chips: 1
cfi_cmdset_0002: Disabling erase-suspend-program due to code brokenness.
cmdlinepart partition parsing not available
RedBoot partition parsing not available
4 ar7part partitions found on MTD device physmap-flash.0
Creating 4 MTD partitions on "physmap-flash.0":
0x00000000-0x00010000 : "loader"
0x00010000-0x00020000 : "config"
0x00030000-0x00800000 : "linux"
0x000f07e9-0x00800000 : "rootfs"
mtd: partition "rootfs" doesn't start on an erase block boundary -- force read-only
mtd: partition "rootfs" set to be root filesystem
mtd: partition "rootfs_data" created automatically, ofs=1C0000, len=640000 
0x001c0000-0x00800000 : "rootfs_data"
ar7_wdt: timer margin 59 seconds (prescale 65535, change 57180, freq 62500000)
Registered led device: status
TCP vegas registered
NET: Registered protocol family 17
802.1Q VLAN Support v1.8 Ben Greear <greearb@candelatech.com>
All bugs added by David S. Miller <davem@redhat.com>
VFS: Mounted root (squashfs filesystem) readonly.
Freeing unused kernel memory: 120k freed
Please be patient, while OpenWrt loads ...
Algorithmics/MIPS FPU Emulator v1.5
- preinit -
Press CTRL-C for failsafe
jffs2 not ready yet; using ramdisk
mini_fo: using base directory: /
mini_fo: using storage directory: /tmp/root
- init -

Please press Enter to activate this console. br-lan: Dropping NETIF_F_UFO since no NETIF_F_HW_CSUM feature.
device eth0 entered promiscuous mode
br-lan: port 1(eth0) entering learning state
br-lan: topology change detected, propagating
br-lan: port 1(eth0) entering forwarding state
PPP generic driver version 2.4.2
PHY: 0:1f - Link is Down
jffs2_scan_eraseblock(): End of filesystem marker found at 0x0
jffs2_build_filesystem(): unlocking the mtd device... done.
jffs2_build_filesystem(): erasing all blocks after the end marker... done.
mini_fo: using base directory: /
mini_fo: using storage directory: /jffs



BusyBox v1.11.1 (2008-09-01 17:35:37 CST) built-in shell (ash)
Enter 'help' for a list of built-in commands.

  _______                     ________        __
 |       |.-----.-----.-----.|  |  |  |.----.|  |_
 |   -   ||  _  |  -__|     ||  |  |  ||   _||   _|
 |_______||   __|_____|__|__||________||__|  |____|
          |__| W I R E L E S S   F R E E D O M
 KAMIKAZE (bleeding edge, r12486) -------------------
  * 10 oz Vodka       Shake well with ice and strain
  * 10 oz Triple sec  mixture into 10 shot glasses.
  * 10 oz lime juice  Salute!
 ---------------------------------------------------
root@OpenWrt:/# 
