US robotics USR 5464.

=== Photos ===
[[ImageLink(http://www.usr.com/images/products/5464/5464.jpg)]]

DO NOT prepend the USR0 header as mentioned in a forum post (the only one found while searching google for usr5464 and openwrt).

boots ok with Kamikaze 7.09 openwrt-brcm-2.4-squashfs.trx

boots ok with Kamikaze 7.09 openwrt-*2.6*.trx but the wan interface does not accept packets (Tx is something > 0 but Rx is stuck to zero).

needs kmod-brcm-wl-mimo for the wireless interface

dmesg: 

{{{

CPU revision is: 00029006
Primary instruction cache 16kB, physically tagged, 2-way, linesize 16 bytes.
Primary data cache 16kB, 2-way, linesize 16 bytes.
Linux version 2.4.34 (nbd@ds10) (gcc version 3.4.6 (OpenWrt-2.0)) #3 Sun Sep 30 20:33:21 CEST 2007
Setting the PFC to its default value
Determined physical RAM map:
 memory: 01000000 @ 00000000 (usable)
On node 0 totalpages: 4096
zone(0): 4096 pages.
zone(1): 0 pages.
zone(2): 0 pages.
Kernel command line: root=/dev/mtdblock2 rootfstype=squashfs,jffs2 init=/etc/preinit noinitrd console=ttyS0,115200
CPU: BCM4704 rev 9 at 264 MHz
Using 132.000 MHz high precision timer.
Calibrating delay loop... 263.78 BogoMIPS
Memory: 14224k/16384k available (1462k kernel code, 2160k reserved, 100k data, 80k init, 0k highmem)
Dentry cache hash table entries: 2048 (order: 2, 16384 bytes)
Inode cache hash table entries: 1024 (order: 1, 8192 bytes)
Mount cache hash table entries: 512 (order: 0, 4096 bytes)
Buffer cache hash table entries: 1024 (order: 0, 4096 bytes)
Page-cache hash table entries: 4096 (order: 2, 16384 bytes)
Checking for 'wait' instruction...  unavailable.
POSIX conformance testing by UNIFIX
PCI: Initializing host
PCI: Fixing up bus 0
PCI: Fixing up bridge
PCI: Setting latency timer of device 01:00.0 to 64
PCI: Fixing up bus 1
Linux NET4.0 for Linux 2.4
Based upon Swansea University Computer Society NET3.039
Initializing RT netlink socket
Starting kswapd
Registering mini_fo version $Id$
devfs: v1.12c (20020818) Richard Gooch (rgooch@atnf.csiro.au)
devfs: boot_options: 0x1
JFFS2 version 2.1. (C) 2001 Red Hat, Inc., designed by Axis Communications AB.
squashfs: version 3.0 (2006/03/15) Phillip Lougher
pty: 256 Unix98 ptys configured
Serial driver version 5.05c (2001-07-08) with MANY_PORTS SHARE_IRQ SERIAL_PCI enabled
ttyS00 at 0xb8000300 (irq = 3) is a 16550A
ttyS01 at 0xb8000400 (irq = 3) is a 16550A
b44.c:v0.93 (Mar, 2004)
PCI: Setting latency timer of device 00:01.0 to 64
eth0: Broadcom 47xx 10/100BaseT Ethernet 00:c0:49:00:00:01
PCI: Setting latency timer of device 00:02.0 to 64
eth1: Broadcom 47xx 10/100BaseT Ethernet 00:c0:49:00:00:02
Physically mapped flash: Found an alias at 0x400000 for the chip at 0x0
Physically mapped flash: Found an alias at 0x800000 for the chip at 0x0
Physically mapped flash: Found an alias at 0xc00000 for the chip at 0x0
Physically mapped flash: Found an alias at 0x1000000 for the chip at 0x0
Physically mapped flash: Found an alias at 0x1400000 for the chip at 0x0
Physically mapped flash: Found an alias at 0x1800000 for the chip at 0x0
Physically mapped flash: Found an alias at 0x1c00000 for the chip at 0x0
 Amd/Fujitsu Extended Query Table v1.1 at 0x0040
number of CFI chips: 1
cfi_cmdset_0002: Disabling fast programming due to code brokenness.
Flash device: 0x400000 at 0x1c000000
bootloader size: 262144
Physically mapped flash: Filesystem type: squashfs, size=0x121cc8
Creating 5 MTD partitions on "Physically mapped flash":
0x00000000-0x00040000 : "cfe"
0x00040000-0x003f0000 : "linux"
0x000be400-0x001f0000 : "rootfs"
mtd: partition "rootfs" doesn't start on an erase block boundary -- force read-only
0x003f0000-0x00400000 : "nvram"
0x001f0000-0x003f0000 : "rootfs_data"
sflash: found no supported devices
Initializing Cryptographic API
NET4: Linux TCP/IP 1.0 for NET4.0
IP Protocols: ICMP, UDP, TCP, IGMP
IP: routing cache hash table of 512 buckets, 4Kbytes
TCP: Hash tables configured (established 1024 bind 2048)
ip_conntrack version 2.1 (5953 buckets, 5953 max) - 360 bytes per conntrack
ip_tables: (C) 2000-2002 Netfilter core team
NET4: Unix domain sockets 1.0/SMP for Linux NET4.0.
NET4: Ethernet Bridge 008 for NET4.0
802.1Q VLAN Support v1.8 Ben Greear <greearb@candelatech.com>
All bugs added by David S. Miller <davem@redhat.com>
VFS: Mounted root (squashfs filesystem) readonly.
Mounted devfs on /dev
Freeing unused kernel memory: 80k freed
Algorithmics/MIPS FPU Emulator v1.5
diag: Router model not detected.
b44: eth0: Link is up at 100 Mbps, full duplex.
b44: eth0: Flow control is off for TX and off for RX.
Probing device eth0: found!
mini_fo: using base directory: /
mini_fo: using storage directory: /jffs
jffs2.bbc: SIZE compression mode activated.
device eth0 entered promiscuous mode
b44: eth0: Link is up at 100 Mbps, full duplex.
b44: eth0: Flow control is off for TX and off for RX.
br-lan: port 1(eth0) entering learning state
br-lan: port 1(eth0) entering forwarding state
br-lan: topology change detected, propagating
device eth1 entered promiscuous mode
b44: eth1: Link is up at 100 Mbps, full duplex.
b44: eth1: Flow control is off for TX and off for RX.
br-wan: port 1(eth1) entering learning state
br-wan: port 1(eth1) entering forwarding state
br-wan: topology change detected, propagating
BFL_ENETADM not set in boardflags. Use force=1 to ignore.
PCI: Setting latency timer of device 01:03.0 to 64
PCI: Enabling device 01:03.0 (0004 -> 0006)
wl%d: 4.80.53.0 driver failed with code 12
unregister_netdevice: device wl%d/8022d420 never was registered
Memory leak of bytes -2114
wl0: Broadcom BCM4329 802.11 Wireless Controller 4.80.53.0
CSLIP: code copyright 1989 Regents of the University of California
PPP generic driver version 2.4.2
device wl0 entered promiscuous mode
br-wan: port 2(wl0) entering learning state
br-wan: port 2(wl0) entering forwarding state
br-wan: topology change detected, propagating
root@cockaigne:~# uname -a
Linux cockaigne 2.4.34 #3 Sun Sep 30 20:33:21 CEST 2007 mips unknown
root@cockaigne:~# dmesg
CPU revision is: 00029006
Primary instruction cache 16kB, physically tagged, 2-way, linesize 16 bytes.
Primary data cache 16kB, 2-way, linesize 16 bytes.
Linux version 2.4.34 (nbd@ds10) (gcc version 3.4.6 (OpenWrt-2.0)) #3 Sun Sep 30 20:33:21 CEST 2007
Setting the PFC to its default value
Determined physical RAM map:
 memory: 01000000 @ 00000000 (usable)
On node 0 totalpages: 4096
zone(0): 4096 pages.
zone(1): 0 pages.
zone(2): 0 pages.
Kernel command line: root=/dev/mtdblock2 rootfstype=squashfs,jffs2 init=/etc/preinit noinitrd console=ttyS0,115200
CPU: BCM4704 rev 9 at 264 MHz
Using 132.000 MHz high precision timer.
Calibrating delay loop... 263.78 BogoMIPS
Memory: 14224k/16384k available (1462k kernel code, 2160k reserved, 100k data, 80k init, 0k highmem)
Dentry cache hash table entries: 2048 (order: 2, 16384 bytes)
Inode cache hash table entries: 1024 (order: 1, 8192 bytes)
Mount cache hash table entries: 512 (order: 0, 4096 bytes)
Buffer cache hash table entries: 1024 (order: 0, 4096 bytes)
Page-cache hash table entries: 4096 (order: 2, 16384 bytes)
Checking for 'wait' instruction...  unavailable.
POSIX conformance testing by UNIFIX
PCI: Initializing host
PCI: Fixing up bus 0
PCI: Fixing up bridge
PCI: Setting latency timer of device 01:00.0 to 64
PCI: Fixing up bus 1
Linux NET4.0 for Linux 2.4
Based upon Swansea University Computer Society NET3.039
Initializing RT netlink socket
Starting kswapd
Registering mini_fo version $Id$
devfs: v1.12c (20020818) Richard Gooch (rgooch@atnf.csiro.au)
devfs: boot_options: 0x1
JFFS2 version 2.1. (C) 2001 Red Hat, Inc., designed by Axis Communications AB.
squashfs: version 3.0 (2006/03/15) Phillip Lougher
pty: 256 Unix98 ptys configured
Serial driver version 5.05c (2001-07-08) with MANY_PORTS SHARE_IRQ SERIAL_PCI enabled
ttyS00 at 0xb8000300 (irq = 3) is a 16550A
ttyS01 at 0xb8000400 (irq = 3) is a 16550A
b44.c:v0.93 (Mar, 2004)
PCI: Setting latency timer of device 00:01.0 to 64
eth0: Broadcom 47xx 10/100BaseT Ethernet 00:c0:49:00:00:01
PCI: Setting latency timer of device 00:02.0 to 64
eth1: Broadcom 47xx 10/100BaseT Ethernet 00:c0:49:00:00:02
Physically mapped flash: Found an alias at 0x400000 for the chip at 0x0
Physically mapped flash: Found an alias at 0x800000 for the chip at 0x0
Physically mapped flash: Found an alias at 0xc00000 for the chip at 0x0
Physically mapped flash: Found an alias at 0x1000000 for the chip at 0x0
Physically mapped flash: Found an alias at 0x1400000 for the chip at 0x0
Physically mapped flash: Found an alias at 0x1800000 for the chip at 0x0
Physically mapped flash: Found an alias at 0x1c00000 for the chip at 0x0
 Amd/Fujitsu Extended Query Table v1.1 at 0x0040
number of CFI chips: 1
cfi_cmdset_0002: Disabling fast programming due to code brokenness.
Flash device: 0x400000 at 0x1c000000
bootloader size: 262144
Physically mapped flash: Filesystem type: squashfs, size=0x121cc8
Creating 5 MTD partitions on "Physically mapped flash":
0x00000000-0x00040000 : "cfe"
0x00040000-0x003f0000 : "linux"
0x000be400-0x001f0000 : "rootfs"
mtd: partition "rootfs" doesn't start on an erase block boundary -- force read-only
0x003f0000-0x00400000 : "nvram"
0x001f0000-0x003f0000 : "rootfs_data"
sflash: found no supported devices
Initializing Cryptographic API
NET4: Linux TCP/IP 1.0 for NET4.0
IP Protocols: ICMP, UDP, TCP, IGMP
IP: routing cache hash table of 512 buckets, 4Kbytes
TCP: Hash tables configured (established 1024 bind 2048)
ip_conntrack version 2.1 (5953 buckets, 5953 max) - 360 bytes per conntrack
ip_tables: (C) 2000-2002 Netfilter core team
NET4: Unix domain sockets 1.0/SMP for Linux NET4.0.
NET4: Ethernet Bridge 008 for NET4.0
802.1Q VLAN Support v1.8 Ben Greear <greearb@candelatech.com>
All bugs added by David S. Miller <davem@redhat.com>
VFS: Mounted root (squashfs filesystem) readonly.
Mounted devfs on /dev
Freeing unused kernel memory: 80k freed
Algorithmics/MIPS FPU Emulator v1.5
diag: Router model not detected.
b44: eth0: Link is up at 100 Mbps, full duplex.
b44: eth0: Flow control is off for TX and off for RX.
Probing device eth0: found!
mini_fo: using base directory: /
mini_fo: using storage directory: /jffs
jffs2.bbc: SIZE compression mode activated.
device eth0 entered promiscuous mode
b44: eth0: Link is up at 100 Mbps, full duplex.
b44: eth0: Flow control is off for TX and off for RX.
br-lan: port 1(eth0) entering learning state
br-lan: port 1(eth0) entering forwarding state
br-lan: topology change detected, propagating
device eth1 entered promiscuous mode
b44: eth1: Link is up at 100 Mbps, full duplex.
b44: eth1: Flow control is off for TX and off for RX.
br-wan: port 1(eth1) entering learning state
br-wan: port 1(eth1) entering forwarding state
br-wan: topology change detected, propagating
BFL_ENETADM not set in boardflags. Use force=1 to ignore.
PCI: Setting latency timer of device 01:03.0 to 64
PCI: Enabling device 01:03.0 (0004 -> 0006)
wl%d: 4.80.53.0 driver failed with code 12
unregister_netdevice: device wl%d/8022d420 never was registered
Memory leak of bytes -2114
wl0: Broadcom BCM4329 802.11 Wireless Controller 4.80.53.0
CSLIP: code copyright 1989 Regents of the University of California
PPP generic driver version 2.4.2
device wl0 entered promiscuous mode
br-wan: port 2(wl0) entering learning state
br-wan: port 2(wl0) entering forwarding state
br-wan: topology change detected, propagating

}}}
