= Motorola PowerLine MU Modem =

{{{
SoC: ADM5120 @175Mhz
Intellon PHY : INT5500
}}}

== Serial console ==

Serial console is available on JP1, pinout as follows :

{{{
[x] VCC
[x] TX
[x] RX
[x] GND

Ethernet
}}}

== Bootlog ==

{{{
ADM5120 Boot:


Copyright 2004-2006  Motorola, Inc.
CPU: ADM5120-175MHz
SDRAM: 32MB
Flash: NOR-4MB
Boot System: Linux-5120
Loader Version: V1.05
Creation Date: 2006.09.12
0
Booting Linux...
Kernel decompress ... PASS
LINUX/5120 started...
CPU revision is: 0001800b
Primary instruction cache 8kB, physically tagged, 2-way, linesize 16 bytes.
Primary data cache 8kB 2-way, linesize 16 bytes.
Linux version 2.4.20_mvl31-ADM5120 (root@Linux-Server) (gcc version 2.96 20000731 (Red Hat Linux 7.3 2.96-110.1)) #833 Fri Mar 9 16:15:26 HKT 2007
Can't analyze prologue code at 800214c0
am5120_setup() starts.
System no PCI BIOS
Determined physical RAM map:
 memory: 00d74000 @ 0028c000 (usable)
Initial ramdisk at: 0x8016b000 (1036288 bytes)
On node 0 totalpages: 4096
zone(0): 4096 pages.
zone(1): 0 pages.
zone(2): 0 pages.
Kernel command line: root=/dev/ram0 console=ttyS0
CPU clock: 175MHz
Calibrating delay loop... 174.48 BogoMIPS
MIPS CPU counter frequency is fixed at 87500000 Hz
Memory: 13588k/13776k available (1276k kernel code, 188k reserved, 1096k data, 60k init, 0k highmem)
Dentry cache hash table entries: 2048 (order: 2, 16384 bytes)
Inode cache hash table entries: 1024 (order: 1, 8192 bytes)
Mount-cache hash table entries: 512 (order: 0, 4096 bytes)
Buffer-cache hash table entries: 1024 (order: 0, 4096 bytes)
Page-cache hash table entries: 4096 (order: 2, 16384 bytes)
Checking for 'wait' instruction...  available.
POSIX conformance testing by UNIFIX
Linux NET4.0 for Linux 2.4
Based upon Swansea University Computer Society NET3.039
Initializing RT netlink socket
LSP Revision 1
Starting kswapd
Disabling the Out Of Memory Killer
pty: 256 Unix98 ptys configured
RAMDISK driver initialized: 16 RAM disks of 6144K size 1024 blocksize
loop: loaded (max 8 devices)
NET4: Linux TCP/IP 1.0 for NET4.0
IP Protocols: ICMP, UDP, TCP
IP: routing cache hash table of 512 buckets, 4Kbytes
TCP: Hash tables configured (established 1024 bind 2048)
ip_conntrack version 2.1 (128 buckets, 1024 max) - 324 bytes per conntrack
ip_conntrack_pptp version 1.9 loaded
ip_nat_pptp version 1.5 loaded
ip_tables: (C) 2000-2002 Netfilter core team
NET4: Unix domain sockets 1.0/SMP for Linux NET4.0.
NET4: Ethernet Bridge 008 for NET4.0
802.1Q VLAN Support v1.7 Ben Greear <greearb@candelatech.com>
All bugs added by David S. Miller <davem@redhat.com>
AM5120 NOR flash device: 400000 at 1fc00000
 Amd/Fujitsu Extended Query Table v1.1 at 0x0040
number of CFI chips: 1
cfi_cmdset_0002: Disabling fast programming due to code brokenness.
Creating 2 MTD partitions on "AM5120 NOR flash device":
0x00010000-0x00020000 : "BoardCfg"
0x00020000-0x00200000 : "Kernel Image"
AM5120 NOR flash device initialized
RAMDISK: Compressed image found at block 0
Freeing initrd memory: 1012k freed
EXT2-fs warning: mounting unchecked fs, running e2fsck is recommended
VFS: Mounted root (ext2 filesystem).
Freeing prom memory: 0kb freed
Freeing unused kernel memory: 60k freed
Algorithmics/MIPS FPU Emulator v1.5
Starting RAWACCESS device driver...
Using /lib/modules/ifx_raw_acs
(raw_acs)Init raw_acs successfully!
rawdev opened!
Read 2942 bytes from flash
1486 bytes...Uncompressed to...3740 bytes
Write 1794 bytes to /nv/rc.conf
Write 1946 bytes to /nv/udhcpd.conf
Read data completely!
Starting DHCP server ....
udhcpd (v0.9.9-pre) started
Setting Hostname: Modem.Motorola
Starting HTTP Server ....
Starting SNMP Agent ....
Current Time: start reset daemon
start FTP server
+----------------------------------------------------+
| Welcome to Motorola 017486N01 Command Line System |
+----------------------------------------------------+
Modem.Motorola login: the LAN interface is adm0 and nat_enable is 1
Get Spectral from device WGML-PKCQ-VBCJ-QSNI with interface adm1
Get response for Spectral

80 80 80 80 00 00 80 80 80 80 80 80 80 00 00 80
80 80 80 80 80 80 80 80 80 80 80 80 80 00 80 80
80 80 80 80 80 80 80 80 80 80 80 80 80 80 80 80
80 00 00 00 80 80 80 80 80 80 80 80 80 80 80 80
80 80 80 80 80 00 00 80 80 80 80 80 80 80 80 80
80 80 80 80
the adm community is wireless
SNMP Control:0.0.0.0-0.0.0.0
the working mode is 2
}}}
