'''Compex NP25G'''

''Available documentation'':
 * [http://www.compex.com.sg/home/products1.asp?20080507390030 Product page] (PDF)
 * [http://www.compex.com.sg/home/Datasheet/NP25G_DSv1.2.pdf Datasheet] (PDF)
 * [http://www.cpx.cz/dls/NP25G/NP25G%20Board%27s%20Product%20Manual_Rev1.0.pdf Board's Product Manual] (PDF)
 * [http://www.cpx.cz/dls/NP25G/NP25G_v1.2c_userguide.pdf User's guide] (PDF)

''Original firmware console log'':
{{{
MyLoader version 2.43.0706
System memory: 16MB

Probing for Serial flash ...
Found SPI serial flash
Flash memory: 4MB

unknown boarddata rev!

Load Firmware

Loading Firmware ........................................................................................................................................ Done.

<4>CPU revision is: 00019064
<4>Primary instruction cache 16kB, physically tagged, 4-way, linesize 16 bytes.
<4>Primary data cache 16kB, 4-way, linesize 16 bytes.
<4>Linux version 2.4.31 (ttyaw@linux01) (gcc version 3.4.6 (OpenWrt-2.0)) #1 Thu Jan 3 15:38:43 SGT 2008
<4>Determined physical RAM map:
<4> memory: 01000000 @ 00000000 (usable)
<4>Initial ramdisk at: 0x801ac000 (2932736 bytes)
<4>On node 0 totalpages: 4096
<4>zone(0): 4096 pages.
<4>zone(1): 0 pages.
<4>zone(2): 0 pages.
<4>Kernel command line: console=ttyS0,115200
<4>Using 92.000 MHz high precision timer.
<4>Calibrating delay loop... 183.50 BogoMIPS
<6>Memory: 11624k/16384k available (1281k kernel code, 4760k reserved, 96k data, 80k init, 0k highmem)
<6>Dentry cache hash table entries: 2048 (order: 2, 16384 bytes)
<6>Inode cache hash table entries: 1024 (order: 1, 8192 bytes)
<6>Mount cache hash table entries: 512 (order: 0, 4096 bytes)
<6>Buffer cache hash table entries: 1024 (order: 0, 4096 bytes)
<4>Page-cache hash table entries: 4096 (order: 2, 16384 bytes)
<4>Checking for 'wait' instruction...  unavailable.
<4>POSIX conformance testing by UNIFIX
<6>Linux NET4.0 for Linux 2.4
<6>Based upon Swansea University Computer Society NET3.039
<4>Initializing RT netlink socket
<4>Starting kswapd
<4>pty: 256 Unix98 ptys configured
<6>Serial driver version 5.05c (2001-07-08) with no serial options enabled
<6>ttyS00 at 0xb1100003 (irq = 37) is a 16550A
<6>Button Driver Version 0.2 (2003-10-22) Luo Yi Ming
<6>ledman: Copyright (C) SnapGear, 2000-2002.
<4>RAMDISK driver initialized: 16 RAM disks of 4096K size 1024 blocksize
<6>PPP generic driver version 2.4.2
<4>MTD driver for SPI flash.
<4>spiflash: Probing for Serial flash ...
<4>spiflash: Found SPI serial Flash.
<4>4194304: size
<5>Found mylo partition table.
<5>Creating 2 MTD partitions on "spiflash":
<5>0x00020000-0x003e0000 : "partition0"
<5>0x003e0000-0x003f0000 : "partition1"
<6>Initializing Cryptographic API
<6>NET4: Linux TCP/IP 1.0 for NET4.0
<6>IP Protocols: ICMP, UDP, TCP, IGMP
<6>IP: routing cache hash table of 512 buckets, 4Kbytes
<6>TCP: Hash tables configured (established 1024 bind 2048)
<6>IPv4 over IPv4 tunneling driver
<6>GRE over IPv4 tunneling driver
<6>Linux IP multicast router 0.06 plus PIM-SM
<4>ip_conntrack version 2.1 (5953 buckets, 5953 max) - 308 bytes per conntrack
<4>ip_conntrack_pptp version 1.9 loaded
<4>ip_nat_pptp version 1.5 loaded
<4>ip_tables: (C) 2000-2002 Netfilter core team
<4>ipt_ipv4options loading
<4>ipt_time loading
<6>NET4: Unix domain sockets 1.0/SMP for Linux NET4.0.
<6>NET4: Ethernet Bridge 008 for NET4.0
<6>802.1Q VLAN Support v1.8 Ben Greear <greearb@candelatech.com>
<6>All bugs added by David S. Miller <davem@redhat.com>
<5>RAMDISK: cramfs filesystem found at block 0
<5>RAMDISK: Loading 2864 blocks [1 disk] into ram disk... done.
<6>Freeing initrd memory: 2864k freed
<4>VFS: Mounted root (cramfs filesystem) readonly.
<6>Freeing unused kernel memory: 80k freed
init started:  BusyBox v1.00 (2007.05.28-10:20+0000) multi-call binary
Starting pid 9, console /dev/ttyS0: '/etc/rc.d/rc.sysinit'
<4>Algorithmics/MIPS FPU Emulator v1.5
Mounting proc filesystem:
Mounting local filesystems:
Using /lib/modules/2.4.31/kernel/drivers/net/ar531x-enet/ae531x.o
Warning: loading ae531x will taint the kernel: non-GPL license - Atheros
  See http://www.tux.org/lkml/#export-tainted for information about tainted modules
Starting pid 29, console /dev/ttyS0: '/etc/rc.d/rc'
Start watchdog:
Start button:
Start localtime:
Start vlan:
Start netif:
Start network:
Using /lib/modules/2.4.31/kernel/drivers/net/wireless/madwifi/madwifi/net80211/wlan.o
<6>wlan: 0.8.4.2 (Atheros/multi-bss)
Using /lib/modules/2.4.31/kernel/drivers/net/wireless/madwifi/madwifi/net80211/wlan_wep.o
Using /lib/modules/2.4.31/kernel/drivers/net/wireless/madwifi/madwifi/net80211/wlan_tkip.o
Using /lib/modules/2.4.31/kernel/drivers/net/wireless/madwifi/madwifi/net80211/wlan_ccmp.o
Using /lib/modules/2.4.31/kernel/drivers/net/wireless/madwifi/madwifi/net80211/wlan_acl.o
<6>wlan: mac acl policy registered
Using /lib/modules/2.4.31/kernel/drivers/net/wireless/madwifi/madwifi/net80211/wlan_xauth.o
Using /lib/modules/2.4.31/kernel/drivers/net/wireless/madwifi/madwifi/net80211/wlan_scan_sta.o
Using /lib/modules/2.4.31/kernel/drivers/net/wireless/madwifi/madwifi/net80211/wlan_scan_ap.o
Using /lib/modules/2.4.31/kernel/drivers/net/wireless/madwifi/madwifi/net80211/wlan_client.o
<6>wlan: client bridge registered
Using /lib/modules/2.4.31/kernel/drivers/net/wireless/madwifi/madwifi/ath_hal/ath_hal.o
Warning: loading ath_hal will taint the kernel: non-GPL license - Proprietary
  See http://www.tux.org/lkml/#export-tainted for information about tainted modules
<6>ath_hal: 0.9.17.1 (AR5212, AR5312, RF5112, RF2317)
Using /lib/modules/2.4.31/kernel/drivers/net/wireless/madwifi/madwifi/ath_rate/sample/ath_rate_sample.o
<6>ath_rate_sample: 1.2
Using /lib/modules/2.4.31/kernel/drivers/net/wireless/madwifi/dfs/ath_dfs.o
Warning: loading ath_dfs will taint the kernel: non-GPL license - Proprietary
  See http://www.tux.org/lkml/#export-tainted for information about tainted modules
<6>ath_dfs: Version 2.0.0
<4>Copyright (c) 2005-2006 Atheros Communications, Inc. All Rights Reserved
Using /lib/modules/2.4.31/kernel/drivers/net/wireless/madwifi/madwifi/ath/ath_ahb.o
<6>ath_ahb: 0.9.4.5 (Atheros/multi-bss)
<4>**** Going to ath_hal_readEepromIntoDataset
<4>wifi0: 11b rates: 1Mbps 2Mbps 5.5Mbps 11Mbps
<4>wifi0: 11g rates: 1Mbps 2Mbps 5.5Mbps 11Mbps 6Mbps 9Mbps 12Mbps 18Mbps 24Mbps 36Mbps 48Mbps 54Mbps
<4>wifi0: H/W encryption support: WEP AES AES_CCM TKIP
<4>wifi0: mac 11.0 phy 4.8 radio 8.7
<4>wifi0: Use hw queue 1 for WME_AC_BE traffic
<4>wifi0: Use hw queue 0 for WME_AC_BK traffic
<4>wifi0: Use hw queue 2 for WME_AC_VI traffic
<4>wifi0: Use hw queue 3 for WME_AC_VO traffic
<4>wifi0: Use hw queue 8 for CAB traffic
<4>wifi0: Use hw queue 9 for beacons
<6>wifi0: Atheros 2317 WiSoC: mem=0xb0000000, irq=3
dev.wifi0.txantenna = 2
dev.wifi0.diversity = 0
dev.wifi0.rxantenna = 1
dev.wifi0.antswitch = 0
Start wlan:
ath0
net.ath0.maxaid = 129
Start vaps:
Start bridge:
<6>vlan1: dev_set_promiscuity(master, 1)
<6>device eth0 entered promiscuous mode
<6>device vlan1 entered promiscuous mode
<6>br0: port 1(vlan1) entering learning state
<6>br0: port 1(vlan1) entering forwarding state
<6>br0: topology change detected, propagating
<6>device ath0 entered promiscuous mode
<6>br0: port 2(ath0) entering learning state
<6>br0: port 2(ath0) entering forwarding state
<6>br0: topology change detected, propagating
Start loop:
Start lan:
Start apencrypt:
<4>vlan2: Setting MAC address to  00 80 48 XX XX XX.
Start wan:
<6>br0: port 2(ath0) entering disabled state
Using interface ath0 with hwaddr 00:80:48:XX:XX:XX and ssid 'np25g'
<7>vlan2: add 01:00:5e:00:00:01 mcast address to master interface
Start sroute:
info, udhcpc (v0.9.9-pre) started
Start nfilter:
debug, Sending discover...
debug, Sending select for 192.168.96.112...
Start firewall:
rc: cannot get wan info.: No such file or directory
Start bandwidth:
Start block:
Start upnpd:
Start execd:
Start dhcpd:
info, udhcpd (v0.9.9-pre) started
error, max_leases value (254) not sane, setting to 156 instead
Start uconfig:
Start ntpdate:
Start sched:
Stop ntpdate:
Stop network:
Start ntpdate:
Start network:
<6>br0: port 2(ath0) entering learning state
Flushing old station entries
<6>br0: port 2(ath0) entering forwarding state
Deauthenticate all stations
<6>br0: topology change detected, propagating
l2_packet_receive - recvfrom: Network is down
l2_packet_receive - recvfrom: Network is down
May 30 21:48:11 passwd[269]: password for `admin' changed by user `root'
Start webs:
Start monitorps:
Starting pid 283, console /dev/ttyS0: '/usr/bin/shell'
}}}
