{{{
Linux version 2.4.18_mvl30-integrator (root@boblabs.datastor.com.tw) (gcc version 3.2.1 20020930 (MontaVista)) #1 Fri Mar 31 10:37:04 CST 2006
CPU: Faraday FA526id(wb) revision 1
Machine: Juno
On node 0 totalpages: 16384
zone(0): 16384 pages.
zone(1): 0 pages.
zone(2): 0 pages.
Kernel command line: root=/dev/ram0 console=ttySL0,19200 initrd=0x00800000,8M
Relocating machine vectors to 0xffff0000
Bus: 116MHz(3/2)
Calibrating delay loop... 69.83 BogoMIPS
Memory: 64MB = 64MB total
Memory: 54260KB available (1543K code, 304K data, 176K init)
Dentry-cache hash table entries: 8192 (order: 4, 65536 bytes)
Inode-cache hash table entries: 4096 (order: 3, 32768 bytes)
Mount-cache hash table entries: 1024 (order: 1, 8192 bytes)
Buffer-cache hash table entries: 4096 (order: 2, 16384 bytes)
Page-cache hash table entries: 16384 (order: 4, 65536 bytes)
POSIX conformance testing by UNIFIX
PCI: bus0: Fast back to back transfers disabled
Linux NET4.0 for Linux 2.4
Based upon Swansea University Computer Society NET3.039
Initializing RT netlink socket
Watchdog Timer Initialized
Starting kswapd
Disabling the Out Of Memory Killer
kinoded started
VFS: Diskquotas version dquot_6.5.0 initialized
Journalled Block Device driver loaded
pty: 256 Unix98 ptys configured
Real Time Clock Driver v0.10
Storlink Power Control Initialization
block: 128 slots per queue, batch=32
RAMDISK driver initialized: 16 RAM disks of 8192K size 1024 blocksize
Uniform Multi-Platform E-IDE driver Revision: 6.31
ide: Assuming 33MHz system bus speed for PIO modes; override with idebus=xx
ide 1: physical = 52800000, virtual = c480d000, irq = 3
    ide0: BM-DMA at 0xc480d000-0xc480d007, BIOS settings: hda:pio, hdb:pio
hda: SAMSUNG SP2504C, ATA DISK drive
ide0 at 0xc480d020-0xc480d027,0xc480d036 on irq 3
HD speed:U6 (0x46)
init_idedisk_capacity: 488397168: 488397168
hda: 488397168 sectors (250059 MB) w/8192KiB Cache, CHS=484521/16/63, (U)DMA
Partition check:
 hda: hda1 hda2 hda3
loop: loaded (max 8 devices)
EMAC initialized for A3 Chip !
Configure VID 1
Configure VID 2
Get ADM identifier ffffffff
ADM699X not Found
ttySL0 at MEM 0x22000000 (irq = 6) is a SL2312
SCSI subsystem driver Revision: 1.00
SL2312 MTD Driver Init.......
sl2312flash_map.map_priv_2 = c4811000
 Amd/Fujitsu Extended Query Table v1.3 at 0x0040
SL2312 CFI Flash: Swapping erase regions for broken CFI table.
number of CFI chips: 1
Creating 7 MTD partitions on "SL2312 CFI Flash":
0x00000000-0x00020000 : "RedBoot"
0x00020000-0x00120000 : "Kernel"
0x00120000-0x00320000 : "Ramdisk"
0x00320000-0x007c0000 : "Application"
0x007c0000-0x007d0000 : "VCTL"
0x007d0000-0x007f0000 : "CurConf"
0x007f0000-0x00800000 : "FIS directory"
SL2312 MTD Driver Init Success ......
usb.c: registered new driver usbdevfs
usb.c: registered new driver hub
usb.c: registered new driver usblp
printer.c: v0.13: USB Printer Device Class driver
Initializing USB Mass Storage driver...
usb.c: registered new driver usb-storage
USB Mass Storage support registered.
NET4: Linux TCP/IP 1.0 for NET4.0
IP Protocols: ICMP, UDP, TCP, IGMP
IP: routing cache hash table of 512 buckets, 4Kbytes
IPv4 over IPv4 tunneling driver
GRE over IPv4 tunneling driver
NET4: Linux TCP/IP 1.0 for NET4.0
IP Protocols: ICMP, UDP, TCP, IGMP
IP: routing cache hash table of 512 buckets, 4Kbytes
IPv4 over IPv4 tunneling driver
GRE over IPv4 tunneling driver
NET4: Unix domain sockets 1.0/SMP for Linux NET4.0.
NetWinder Floating Point Emulator V0.95 (c) 1998-1999 Rebel.com
RAMDISK: Compressed image found at block 0
Freeing initrd memory: 8192K
VFS: Mounted root (ext2 filesystem).
Freeing init memory: 176K
usb-uhci.c: $Revision: 1.4 $ time 10:40:33 Mar 31 2006
usb-uhci.c: High bandwidth mode enabled
usb-uhci.c: v1.275:USB Universal Host Controller Interface driver
kjournald starting.  Commit interval 5 seconds
EXT3-fs warning: maximal mount count reached, running e2fsck is recommended
EXT3 FS 2.4-0.9.17, 10 Jan 2002 on ide0(3,1), internal journal
EXT3-fs: recovery complete.
EXT3-fs: mounted filesystem with ordered data mode.
kjournald starting.  Commit interval 5 seconds
EXT3 FS 2.4-0.9.17, 10 Jan 2002 on ide0(3,2), internal journal
EXT3-fs: mounted filesystem with ordered data mode.
Adding Swap: 488872k swap-space (priority -1)
Vlan1 id:1 map:10 mac:014d7004
Vlan2 id:2 map:0f mac:050c22bd02
Link Up (786d) reg_val = 2f
 100M/Full
Flow Control Enable.
Storlink eth0 address = 0014d7000004
Enable MAC Flow Control...
pwc open
pwc ioctl successly
waiting INT
}}}
