= Asus WL-566gM =
The device is currently (August 2006) unsupported in OpenWrt 1.0 (White Russian) as of RC5. ??????

== Hardware ==
 * Realtek RTL8651B SoC
 * 32Mb RAM
 * CPU: LX5280
 * Realtek switch, 4 LAN, 1 WAN on SoC
 * Airgo MIMO wireless ethernet

== Dmesg ==
{{{
Jan  1 00:00:05 (none) syslog.info syslogd started: BusyBox v1.00 (2006.09.29-08:22+0000)
Jan  1 00:00:05 (none) user.notice kernel: klogd started: BusyBox v1.00 (2006.09.29-08:22+0000)
Jan  1 00:00:05 (none) user.warn kernel: ************************************
Jan  1 00:00:05 (none) user.warn kernel: Powered by Realtek RTL8651B SoC, rev 1
Jan  1 00:00:05 (none) user.warn kernel: ************************************
Jan  1 00:00:05 (none) user.warn kernel: SDRAM size: 32MB
Jan  1 00:00:05 (none) user.warn kernel: CPU revision is: 0000ff00
Jan  1 00:00:05 (none) user.warn kernel: Init MMU (16 entries)
Jan  1 00:00:05 (none) user.warn kernel: Primary instruction cache 0kB, linesize 0 bytes.
Jan  1 00:00:05 (none) user.warn kernel: Primary data cache 0kB, linesize 0 bytes.
Jan  1 00:00:05 (none) user.warn kernel: Linux version 2.4.26-uc0 (root@server.wl.asus.com.tw) (gcc version 3.2) #1 Fri Sep 29 16:22:42 CST 2006
Jan  1 00:00:05 (none) user.warn kernel: Determined physical RAM map:
Jan  1 00:00:05 (none) user.warn kernel:  memory: 02000000 @ 00000000 (usable)
Jan  1 00:00:05 (none) user.warn kernel: NOFS reserved @ 0x80368d00
Jan  1 00:00:05 (none) user.warn kernel: On node 0 totalpages: 8192
Jan  1 00:00:05 (none) user.warn kernel: zone(0): 8192 pages.
Jan  1 00:00:05 (none) user.warn kernel: zone(1): 0 pages.
Jan  1 00:00:05 (none) user.warn kernel: zone(2): 0 pages.
Jan  1 00:00:05 (none) user.warn kernel: Kernel command line: root=/dev/mtdblock4
Jan  1 00:00:05 (none) user.warn kernel: IRR(0)=c0000000
Jan  1 00:00:05 (none) user.warn kernel: Calibrating delay loop... 199.06 BogoMIPS
Jan  1 00:00:05 (none) user.info kernel: Memory: 28916k/32768k available (2325k kernel code, 3852k reserved, 108k data, 248k init, 0k highmem)
Jan  1 00:00:05 (none) user.info kernel: Dentry cache hash table entries: 4096 (order: 3, 32768 bytes)
Jan  1 00:00:05 (none) user.info kernel: Inode cache hash table entries: 2048 (order: 2, 16384 bytes)
Jan  1 00:00:05 (none) user.info kernel: Mount cache hash table entries: 512 (order: 0, 4096 bytes)
Jan  1 00:00:05 (none) user.info kernel: Buffer cache hash table entries: 1024 (order: 0, 4096 bytes)
Jan  1 00:00:05 (none) user.warn kernel: Page-cache hash table entries: 8192 (order: 3, 32768 bytes)
Jan  1 00:00:05 (none) user.warn kernel: Checking for 'wait' instruction...  unavailable.
Jan  1 00:00:05 (none) user.warn kernel: POSIX conformance testing by UNIFIX
Jan  1 00:00:05 (none) user.warn kernel: NEW PCI Driver...isLinuxCompliantEndianMode=False(Big Endian)
Jan  1 00:00:05 (none) user.warn kernel: [PCI] Reset Bridge ..... Finish!
Jan  1 00:00:05 (none) user.warn kernel: Memory Space 0 data=0xfffe0000 size=0x20000
Jan  1 00:00:05 (none) user.warn kernel: Memory Space 1 data=0xfff80000 size=0x80000
Jan  1 00:00:05 (none) user.warn kernel: PCI device exists: slot 0 function 0 VendorID 17cb DeviceID 2 bbd80000
Jan  1 00:00:05 (none) user.warn kernel: memory mapping BAnum=0 slot=0 func=0
Jan  1 00:00:05 (none) user.warn kernel: memory mapping BAnum=1 slot=0 func=0
Jan  1 00:00:05 (none) user.warn kernel: assign mem base 1bf00000~1bf7ffff at bbd80014 size=524288
Jan  1 00:00:05 (none) user.warn kernel: assign mem base 1bf80000~1bf9ffff at bbd80010 size=131072
Jan  1 00:00:05 (none) user.warn kernel: Find Total 1 PCI functions
Jan  1 00:00:05 (none) user.warn kernel: Found 00:00 [17cb/0002] 000200 00
Jan  1 00:00:05 (none) user.info kernel: Linux NET4.0 for Linux 2.4
Jan  1 00:00:05 (none) user.info kernel: Based upon Swansea University Computer Society NET3.039
Jan  1 00:00:05 (none) user.warn kernel: Initializing RT netlink socket
Jan  1 00:00:05 (none) user.warn kernel: Starting kswapd
Jan  1 00:00:05 (none) user.info kernel: Squashfs 2.1-r2 (released 2004/12/15) (C) 2002-2004 Phillip Lougher
Jan  1 00:00:05 (none) user.warn kernel: pty: 256 Unix98 ptys configured
Jan  1 00:00:05 (none) user.info kernel: Serial driver version 5.05c (2001-07-08) with MANY_PORTS SERIAL_PCI enabled
Jan  1 00:00:05 (none) user.info kernel: Probing RTL8651 home gateway controller...
Jan  1 00:00:05 (none) user.debug kernel: Initialize RTL865x ASIC and driver
Jan  1 00:00:05 (none) user.warn kernel: chip name: 8651B, chip revid: 1
Jan  1 00:00:05 (none) user.debug kernel:    Initialize mbuf...
Jan  1 00:00:05 (none) user.debug kernel:    creating default 2 interfaces...<7>eth0 IRR(6)=c0040000
Jan  1 00:00:05 (none) user.warn kernel: ===> Request IRQ 6 for eth0, ret=0
Jan  1 00:00:05 (none) user.warn kernel: IRR(7)=c0070000
Jan  1 00:00:05 (none) user.warn kernel: ===> Request IRQ 7 for eth0, ret=0
Jan  1 00:00:05 (none) user.debug kernel: eth1 <7>...OK
Jan  1 00:00:05 (none) user.info kernel: PPP generic driver version 2.4.2
Jan  1 00:00:05 (none) user.info kernel: PPP MPPE compression module registered
Jan  1 00:00:05 (none) user.info kernel: PPP Deflate Compression module registered
Jan  1 00:00:05 (none) user.info kernel: PPP BSD Compression module registered
Jan  1 00:00:05 (none) user.notice kernel: flash device: 400000 at be000000
Jan  1 00:00:05 (none) user.notice kernel:  Amd/Fujitsu Extended Query Table v1.1 at 0x0040
Jan  1 00:00:05 (none) user.notice kernel: number of CFI chips: 1
Jan  1 00:00:05 (none) user.notice kernel: cfi_cmdset_0002: Disabling fast programming due to code brokenness.
Jan  1 00:00:05 (none) user.notice kernel: Creating 5 MTD partitions on "Physically mapped flash":
Jan  1 00:00:05 (none) user.notice kernel: 0x00000000-0x00004000 : "boot1"
Jan  1 00:00:05 (none) user.notice kernel: 0x00010000-0x00020000 : "boot2"
Jan  1 00:00:05 (none) user.notice kernel: 0x00000000-0x00400000 : "boot3"
Jan  1 00:00:05 (none) user.notice kernel: 0x00020000-0x00130000 : "kernel"
Jan  1 00:00:05 (none) user.notice kernel: 0x00130000-0x00400000 : "rootfs"
Jan  1 00:00:05 (none) user.info kernel: NET4: Linux TCP/IP 1.0 for NET4.0
Jan  1 00:00:05 (none) user.info kernel: IP Protocols: ICMP, UDP, TCP, IGMP
Jan  1 00:00:05 (none) user.info kernel: IP: routing cache hash table of 512 buckets, 4Kbytes
Jan  1 00:00:05 (none) user.info kernel: TCP: Hash tables configured (established 2048 bind 4096)
Jan  1 00:00:05 (none) user.info kernel: GRE over IPv4 tunneling driver
Jan  1 00:00:05 (none) user.info kernel: NET4: Unix domain sockets 1.0/SMP for Linux NET4.0.
Jan  1 00:00:05 (none) user.warn kernel: VFS: Mounted root (squashfs filesystem) readonly.
Jan  1 00:00:05 (none) user.info kernel: Freeing unused kernel memory: 248k freed
Jan  1 00:00:05 (none) user.warn kernel: emulate opcode 0x25 at 800f32d4 
Jan  1 00:00:05 (none) user.warn kernel: IRR(4)=c0c70000
Jan  1 00:00:05 (none) user.warn kernel: ===> Request IRQ 4 for serial, ret=0
Jan  1 00:00:05 (none) user.warn kernel: emulate opcode 0x25 at 800f32d4 
Jan  1 00:00:05 (none) user.warn kernel: rtl8651_user_pid set to 19
Jan  1 00:00:05 (none) user.debug kernel: Bring up ext  port 6..
Jan  1 00:00:05 (none) user.debug kernel: Rx shift=10002
Jan  1 00:00:05 (none) user.warn kernel: setting ip  0 not valid
Jan  1 00:00:05 (none) user.warn kernel: setting ip  0 not valid
Jan  1 00:00:05 (none) user.warn kernel: 
Jan  1 00:00:05 (none) user.warn kernel: Set IGMP Default Upstream interface (eth0) ... SUCCESS!!
Jan  1 00:00:09 (none) user.info kernel: CPU: LX5280@ 2003047 cycles/jiffies
Jan  1 00:00:09 (none) user.info kernel: plm probe (plm_dump_buf @ C001F060)
Jan  1 00:00:09 (none) user.debug kernel: &bdh 81396170 bdh A1380000
Jan  1 00:00:09 (none) user.info kernel: np->hif_regs->bus_slave.hif_ctrl.val 00000000
Jan  1 00:00:09 (none) user.info kernel: np->hif_regs->bus_slave.hif_ctrl.val 000000C0
Jan  1 00:00:09 (none) user.info kernel: wlan0: PCI Revision = 1, Slot Name[00:00.0], Slot#[0]
Jan  1 00:00:09 (none) user.info kernel: wlan0: at BAR0 = 0xbbf80000, BAR1 = 0xbbf00000, IRQ 5.
Jan  1 00:00:09 (none) user.warn kernel: IRR(5)=c0c70000
Jan  1 00:00:09 (none) user.warn kernel: ===> Request IRQ 5 for wlan0, ret=0
Jan  1 00:00:09 (none) user.debug kernel: wlan0: request_irq, err = 0
Jan  1 00:00:09 (none) user.debug kernel: wlan0: plm_reg_init Succeeded 
Jan  1 00:00:09 (none) user.warn kernel: ../../src/hal/halProc/halEEPROM.c ASUSCheckEeprom 1189 (928): check passed(0): (0x1043) (0x156F) (0x02) (0x03) (0x02)
Jan  1 00:00:09 (none) user.warn kernel: mac: 00:17:31:ad:d3:78
Jan  1 00:00:09 (none) user.debug kernel: wlan0: plm_get_radio_eeprominfo(), err = 0
Jan  1 00:00:09 (none) user.debug kernel: wlan0: OFFSET of dev->priv[0x6C]
Jan  1 00:00:09 (none) user.debug kernel: wlan0: OFFSET of np->hif_regs[0x12B4]
Jan  1 00:00:09 (none) user.debug kernel: wlan0: OFFSET of np->stats_mac_td_ring_flush_cnt[0xF8C]
Jan  1 00:00:09 (none) user.debug kernel: wlan0: OFFSET of np->stats_mac_td_cnt[0xF78]
Jan  1 00:00:09 (none) user.warn kernel: Register shadow 18
Jan  1 00:00:09 (none) user.warn kernel: ccd_msg_handler_shadow 18 2 C00204AC
Jan  1 00:00:09 (none) user.err WLAN_CONFIG:        wlan_config.c:718 Restore to default 
Jan  1 00:00:09 (none) user.err WLAN_CONFIG:        wlan_config.c:741 Disable radio 
Jan  1 00:00:09 (none) user.err WLAN_CONFIG:          aniAsfIpc.c:827 Port Map Get failed 
Jan  1 00:00:09 (none) user.err WLAN_CONFIG:       aniSdkAppsIf.c:2629 IPC Connect failed 
Jan  1 00:00:09 (none) user.err WLAN_CONFIG:       aniSdkAppsIf.c:8592 Failed to send admin state request to WSM 
Jan  1 00:00:09 (none) user.err WLAN_CONFIG:        wlan_config.c:747 aniSdkSetAdminStatus(0, 0) failed(48): Failed to send request to radio mgt module(WSM) 
Jan  1 00:00:10 (none) user.warn kernel: halPhyGetChanelListWithPower: dev_ind->numChan = 13
Jan  1 00:00:11 (none) user.err WLAN_CONFIG:        wlan_config.c:741 Disable radio 
Jan  1 00:00:11 (none) user.err WLAN_CONFIG:        wlan_config.c:726 Apply nvram settings to config files 
Jan  1 00:00:12 (none) user.err WLAN_CONFIG:        wlan_config.c:752 Enable radio 
Jan  1 00:00:12 (none) user.warn kernel: Starting MAC FW module...radioID = 0 NUM_RADIO 1 - param_addr = 0x813972f4 start at C0031510
Jan  1 00:00:12 (none) user.warn kernel: ../../src/hal/halProc/halEEPROM.c ASUSCheckEeprom 1189 (1248): check passed(0): (0x1043) (0x156F) (0x02) (0x03) (0x02)
Jan  1 00:00:12 (none) user.warn kernel: [0][1a][2][1251] successfully initialized hal rc 0
Jan  1 00:00:12 (none) user.warn kernel: [0][20][2][1] halPerformSystemReset Called
Jan  1 00:00:12 (none) user.warn kernel: [0][10][2][1] After halMacHwInit done
Jan  1 00:00:12 (none) user.warn kernel: [0][11][3][1] Sending CFG_DNLD_REQ
Jan  1 00:00:12 (none) user.warn kernel: Register External Device (wlan0) vid (9) extPortNum (6)
Jan  1 00:00:12 (none) user.warn kernel: Reserve port 6 for peripheral device use. (0x40)
Jan  1 00:00:12 (none) user.warn kernel: Total WLAN/WDS links: 1
Jan  1 00:00:12 (none) user.debug kernel: Device wlan0 on vlan ID 9 using Link ID 1. Loopback/Ext port is 6
Jan  1 00:00:12 (none) user.debug kernel: Airgo Fast Tx func  registered.
Jan  1 00:00:12 (none) user.debug kernel: Airgo Fast free func  registered.
Jan  1 00:00:12 (none) user.warn kernel: PPPoE Passthru disabled.
Jan  1 00:00:12 (none) user.warn kernel: Drop Unknown PPPoE PADT disabled.
Jan  1 00:00:12 (none) user.warn kernel: IPv6 Passthru disabled.
Jan  1 00:00:12 (none) user.warn kernel: IPX Passthru disabled.
Jan  1 00:00:12 (none) user.warn kernel: NETBIOS Passthru disabled.
Jan  1 00:00:12 (none) user.warn kernel: [0][11][3][1] CFG size 4596 bytes MAGIC dword is 0xdeaddead
Jan  1 00:00:12 (none) user.warn kernel: [0][11][3][1] CFG hdr totParams 262 intParams 204 strBufSize 1080/1775
Jan  1 00:00:12 (none) user.warn kernel: [0][14][2][1] Cfg param 231 indication not handled
Jan  1 00:00:12 (none) user.warn kernel: [0][10][3][1] initFixedState : STA 0
Jan  1 00:00:12 (none) user.warn kernel: [0][10][2][1] limresumeactivityntf is sent from hal
Jan  1 00:00:12 (none) user.warn kernel: [0][10][2][1] halProcessStartEvent: Completed HAL/CFG/HAL init; State 3!
Jan  1 00:00:12 (none) user.warn kernel: [0][10][2][1] halProcessStartEvent: Done:- Hal State 3
Jan  1 00:00:12 (none) user.warn kernel: [0][12][2][1] Received RESUME_NTF in State 2 on Role 0
Jan  1 00:00:12 (none) user.warn kernel: halPhyGetChanelListWithPower: dev_ind->numChan = 13
Nov  7 09:03:26 (none) user.info ntpclient: time is synchronized to clock.stdtime.gov.tw
Nov  7 09:03:26 (none) user.info ntpclient: time is synchronized to time-b.nist.gov
Nov  7 09:03:26 (none) user.warn kernel: rtl8651a_addDmzHost naptIp=d942662e dmzHostIp=c0a80161 return=0
Nov  7 09:03:27 (none) user.info ntpclient: time is synchronized to time.nist.gov
Nov  7 09:03:40 (none) user.warn kernel: [0][14][2][1504] Cfg param 190 indication not handled
Nov  7 09:03:40 (none) user.warn kernel: [0][14][2][1504] Cfg param 191 indication not handled
Nov  7 09:03:40 (none) user.warn kernel: [0][14][2][1504] Cfg param 49 indication not handled
Nov  7 09:03:40 (none) user.warn kernel: [0][12][3][1510] Going to parse numSSID  in the START_BSS_REQ, len=4
Nov  7 09:03:40 (none) user.warn kernel: [0][10][3][1510] initFixedState : STA 1
Nov  7 09:03:40 (none) user.warn kernel: [0][19][3][1510] dphSetBroadcastRateForFixedSta(): Set STA[0] broadcast rate to 2 (macRate 100)
Nov  7 09:03:40 (none) user.warn kernel: [0][10][3][1510] halUpdateConfig: set Proximity = 0
Nov  7 09:03:40 (none) user.debug kernel: wns msg rcvd: type = 0x1300^Ilength = 32
Nov  7 09:03:40 (none) user.info kernel: WSM radio 0 reset completed.
Nov  7 09:03:40 (none) user.debug kernel: wns msg rcvd: type = 0x1304^Ilength = 48
Nov  7 09:03:40 (none) user.err AA:        aniAsfTimer.c:445 Null Duration 
Nov  7 09:03:41 (none) user.debug kernel: Register 0:17:9a:9:ec:bc:  
Nov  7 09:03:41 (none) user.warn kernel:  <7>Add L2 =Fwd/Static/LinkId=1/Port=0040, ret=-1,0
Nov  7 09:03:41 (none) user.debug kernel: Register L2 entry to 865x, ret=0, <7> link id 1 mac on radio 0 00:17:9A:09:EC:BC
Nov  7 09:03:41 (none) user.debug kernel: Unregister 0:17:9a:9:ec:bc:   
Nov  7 09:03:41 (none) user.debug kernel: Modify L2 =DstBlock/Dynamic/LinkId=1, ret=0
Nov  7 09:03:41 (none) user.debug kernel: Unregister L2 entry from 865x, ret=0
Nov  7 09:03:41 (none) user.debug kernel: wns msg rcvd: type = 0x130a^Ilength = 30
Nov  7 09:03:42 (none) user.debug kernel: Register 0:17:9a:9:ec:bc:  
Nov  7 09:03:42 (none) user.warn kernel:  <7>Add L2 =Fwd/Static/LinkId=1/Port=0040, ret=0,0
Nov  7 09:03:42 (none) user.debug kernel: Register L2 entry to 865x, ret=0, <7> link id 1 mac on radio 0 00:17:9A:09:EC:BC
Nov  7 09:03:43 (none) user.err WLAN_CONFIG:        wlan_config.c:752 Enable radio 
Nov  7 09:03:43 (none) user.debug kernel: wns msg rcvd: type = 0x1308^Ilength = 46
Nov  7 09:03:45 (none) user.warn syslog: Restart UPnP OK
Nov  7 09:03:45 (none) user.warn syslog: watchdog restart upnpd 1 times
}}}



== Software ==
 Kernel, userland and toolchain source are supplied on the CD-ROM in the GPL/ subdirectory or via the product page [http://dlsvr01.asus.com/pub/ASUS/wireless/WL-566gM/GPL_WL566gM_1018.zip]

== Links ==
 * Asus product page http://www.asus.com/products.aspx?l1=12&l2=43&l3=0&model=1038&modelmenu=1
 * ["RTL8651BPort"]
